// Jest Snapshot v1, https://goo.gl/fbAQLP

exports[`<Card /> renders 1`] = `
<div
  className="blue-grey darken-1 card"
>
  <div
    className="card-content white-text"
  >
    <span
      className="card-title"
    >
      card title
    </span>
    <div>
      I am a very simple card
    </div>
  </div>
  <div
    className="card-reveal"
  >
    <span
      className="card-title"
    >
      card title
      <Icon
        right={true}
      >
        close
      </Icon>
    </span>
  </div>
</div>
`;
