// Jest Snapshot v1, https://goo.gl/fbAQLP

exports[`<Select /> with icon 1`] = `
<div
  className="input-field col"
>
  <Icon
    className="prefix"
  >
    cloud
  </Icon>
  <select
    className=""
    id="mockId"
    onChange={[Function]}
    options={
      Object {
        "classes": "",
        "dropdownOptions": Object {
          "alignment": "left",
          "autoTrigger": true,
          "closeOnClick": true,
          "constrainWidth": true,
          "container": null,
          "coverTrigger": true,
          "hover": false,
          "inDuration": 150,
          "onCloseEnd": null,
          "onCloseStart": null,
          "onOpenEnd": null,
          "onOpenStart": null,
          "outDuration": 250,
        },
      }
    }
    type="select"
  />
</div>
`;
