// Jest Snapshot v1, https://goo.gl/fbAQLP

exports[`Tabs should create list of Tab items 1`] = `
<Fragment>
  <ul
    className="tabs"
  >
    <li
      className="tab col"
      key="mockId0/.0"
    >
      <a
        className=""
        href="#tab_mockId0"
      >
        one
      </a>
    </li>
    <li
      className="tab col"
      key="mockId1/.1"
    >
      <a
        className=""
        href="#tab_mockId1"
      >
        Two
      </a>
    </li>
  </ul>
  <Row>
    <Tab
      idx="mockId0"
      key=".0"
      options={
        Object {
          "duration": 300,
          "onShow": null,
          "responsiveThreshold": Infinity,
          "swipeable": false,
        }
      }
      title="one"
    >
      One
    </Tab>
    <Tab
      idx="mockId1"
      key=".1"
      options={
        Object {
          "duration": 300,
          "onShow": null,
          "responsiveThreshold": Infinity,
          "swipeable": false,
        }
      }
      title="Two"
    >
      Two
    </Tab>
  </Row>
</Fragment>
`;
