// Jest Snapshot v1, https://goo.gl/fbAQLP

exports[`<TextInput /> Displays error messages 1`] = `
<div
  className="input-field col"
>
  <input
    className="invalid"
    id="TextInput-mockId"
    type="text"
  />
  <label
    className=""
    data-error="this is an error"
    htmlFor="TextInput-mockId"
  >
    Input with Error
  </label>
  <span
    className="helper-text"
    data-error="this is an error"
  />
</div>
`;

exports[`<TextInput /> handles file type 1`] = `
<div
  className="input-field col file-field"
>
  <div
    className="btn"
  >
    <span>
      File
    </span>
    <input
      className=""
      id="TextInput-mockId"
      type="file"
    />
  </div>
  <div
    className="file-path-wrapper"
  >
    <input
      className="file-path validate"
      type="text"
    />
  </div>
</div>
`;
